# res_buildings.map

LAYER
    TYPE POLYGON
    STATUS DEFAULT

    PROJECTION
        "init=epsg:900913"
    END

    NAME "buildings"
    GROUP "default"
    CONNECTIONTYPE POSTGIS
    CONNECTION "host=localhost dbname=planet0304 user=gcorradini"
    DATA "way from (select way, osm_id, name, case when building in ('residential','house','garage','garages') then 'INT-light'::text else building end as building from planet_osm_polygon where (building is not null and building not in ('no','station','supermarket') and (railway is null or railway != 'station') and (amenity is null or amenity != 'place_of_worship')) or aeroway = 'terminal') as foo using unique osm_id using srid=900913"
    LABELITEM "name"
    PROCESSING "LABEL_NO_CLIP=ON"
    PROCESSING "CLOSE_CONNECTION=DEFER"
    MAXSCALEDENOM 1000010

    CLASS
        STYLE
            COLOR "#DADEAD"
        END
        LABEL
            TYPE TRUETYPE
            FONT sc
            PARTIALS FALSE
            OUTLINEWIDTH 3
            MAXSCALEDENOM 7000
            SIZE 7
            COLOR 0 0 0
            OUTLINECOLOR 255 255 255
            PRIORITY 1
            WRAP ' '
            MAXLENGTH 6
            ALIGN CENTER
        END
    END

END
