# roadsfar.map

LAYER

    TYPE LINE
    STATUS DEFAULT 
    GROUP "default" 

    PROJECTION 
      "init=epsg:900913" 
    END 

    CONNECTIONTYPE postgis 
    CONNECTION "host=localhost dbname=planet0304 user=gcorradini" 
    PROCESSING "CLOSE_CONNECTION=DEFER" 

    maxscaledenom 2500010 
    minscaledenom 800010

    NAME "roadsfar"
    DATA "way from (select way, osm_id ,highway,ref from planet_osm_line where highway in ('motorway','trunk', 'primary')) as foo using unique osm_id using srid=900913"
    LABELITEM "ref"
    CLASSITEM "highway"
    CLASS
        EXPRESSION "motorway"
        STYLE
            WIDTH 1
            COLOR "#4F719D"
        END
        LABEL
            TYPE TRUETYPE FONT sc PARTIALS FALSE OUTLINEWIDTH 3
            PRIORITY 1
            FONT scb
            SIZE 7
            MINDISTANCE 150
            MAXLENGTH 6
            BUFFER 15
            COLOR 255 255 255
            STYLE
                GEOMTRANSFORM LABELPOLY
                COLOR "#FF5C1D"
                OUTLINECOLOR "#FDB462"
            END
        END
    END
    CLASS
        EXPRESSION "trunk"
        STYLE
            WIDTH 1
            COLOR "#4F719D"
        END
        LABEL
            TYPE TRUETYPE FONT sc PARTIALS FALSE OUTLINEWIDTH 3
            FONT scb
            SIZE 6
            MINDISTANCE 150
            MAXLENGTH 6
            BUFFER 15
            COLOR 255 255 255
            STYLE
               GEOMTRANSFORM LABELPOLY
               COLOR "#FF5C1D"
               OUTLINECOLOR "#FDB462"
            END
        END
    END
    CLASS
        EXPRESSION "primary"
        STYLE
            WIDTH 1
            COLOR "#39780F"
        END
    END
END
